src/pages/cgsd_management/approvals.tsx(1,8): error TS1259: Module '"C:/Users/clare/Downloads/pafm-official-main/pafm-official-main/node_modules/@types/react/index"' can only be default-imported using the 'esModuleInterop' flag
src/pages/cgsd_management/approvals.tsx(2,58): error TS2307: Cannot find module '@/components/ui/card' or its corresponding type declarations.
src/pages/cgsd_management/approvals.tsx(3,23): error TS2307: Cannot find module '@/components/ui/badge' or its corresponding type declarations.
src/pages/cgsd_management/approvals.tsx(4,23): error TS2307: Cannot find module '@/components/ui/input' or its corresponding type declarations.
src/pages/cgsd_management/approvals.tsx(5,24): error TS2307: Cannot find module '@/components/ui/button' or its corresponding type declarations.
src/pages/cgsd_management/approvals.tsx(7,26): error TS2307: Cannot find module '@/lib/supabase' or its corresponding type declarations.
src/pages/cgsd_management/approvals.tsx(8,25): error TS2307: Cannot find module '@/contexts/AuthContext' or its corresponding type declarations.
src/pages/cgsd_management/approvals.tsx(206,9): error TS17004: Cannot use JSX unless the '--jsx' flag is provided.
src/pages/cgsd_management/approvals.tsx(207,13): error TS17004: Cannot use JSX unless the '--jsx' flag is provided.
src/pages/cgsd_management/approvals.tsx(208,17): error TS17004: Cannot use JSX unless the '--jsx' flag is provided.
src/pages/cgsd_management/approvals.tsx(209,21): error TS17004: Cannot use JSX unless the '--jsx' flag is provided.
src/pages/cgsd_management/approvals.tsx(210,21): error TS17004: Cannot use JSX unless the '--jsx' flag is provided.
src/pages/cgsd_management/approvals.tsx(216,13): error TS17004: Cannot use JSX unless the '--jsx' flag is provided.
src/pages/cgsd_management/approvals.tsx(217,17): error TS17004: Cannot use JSX unless the '--jsx' flag is provided.
src/pages/cgsd_management/approvals.tsx(218,21): error TS17004: Cannot use JSX unless the '--jsx' flag is provided.
src/pages/cgsd_management/approvals.tsx(219,25): error TS17004: Cannot use JSX unless the '--jsx' flag is provided.
src/pages/cgsd_management/approvals.tsx(220,25): error TS17004: Cannot use JSX unless the '--jsx' flag is provided.
src/pages/cgsd_management/approvals.tsx(227,21): error TS17004: Cannot use JSX unless the '--jsx' flag is provided.
src/pages/cgsd_management/approvals.tsx(228,25): error TS17004: Cannot use JSX unless the '--jsx' flag is provided.
src/pages/cgsd_management/approvals.tsx(234,13): error TS17004: Cannot use JSX unless the '--jsx' flag is provided.
src/pages/cgsd_management/approvals.tsx(235,17): error TS17004: Cannot use JSX unless the '--jsx' flag is provided.
src/pages/cgsd_management/approvals.tsx(236,21): error TS17004: Cannot use JSX unless the '--jsx' flag is provided.
src/pages/cgsd_management/approvals.tsx(237,25): error TS17004: Cannot use JSX unless the '--jsx' flag is provided.
src/pages/cgsd_management/approvals.tsx(238,25): error TS17004: Cannot use JSX unless the '--jsx' flag is provided.
src/pages/cgsd_management/approvals.tsx(239,29): error TS17004: Cannot use JSX unless the '--jsx' flag is provided.
src/pages/cgsd_management/approvals.tsx(240,33): error TS17004: Cannot use JSX unless the '--jsx' flag is provided.
src/pages/cgsd_management/approvals.tsx(241,33): error TS17004: Cannot use JSX unless the '--jsx' flag is provided.
src/pages/cgsd_management/approvals.tsx(242,33): error TS17004: Cannot use JSX unless the '--jsx' flag is provided.
src/pages/cgsd_management/approvals.tsx(243,33): error TS17004: Cannot use JSX unless the '--jsx' flag is provided.
src/pages/cgsd_management/approvals.tsx(244,33): error TS17004: Cannot use JSX unless the '--jsx' flag is provided.
src/pages/cgsd_management/approvals.tsx(247,25): error TS17004: Cannot use JSX unless the '--jsx' flag is provided.
src/pages/cgsd_management/approvals.tsx(249,33): error TS17004: Cannot use JSX unless the '--jsx' flag is provided.
src/pages/cgsd_management/approvals.tsx(250,37): error TS17004: Cannot use JSX unless the '--jsx' flag is provided.
src/pages/cgsd_management/approvals.tsx(255,33): error TS17004: Cannot use JSX unless the '--jsx' flag is provided.
src/pages/cgsd_management/approvals.tsx(256,37): error TS17004: Cannot use JSX unless the '--jsx' flag is provided.
src/pages/cgsd_management/approvals.tsx(261,33): error TS17004: Cannot use JSX unless the '--jsx' flag is provided.
src/pages/cgsd_management/approvals.tsx(262,37): error TS17004: Cannot use JSX unless the '--jsx' flag is provided.
src/pages/cgsd_management/approvals.tsx(263,41): error TS17004: Cannot use JSX unless the '--jsx' flag is provided.
src/pages/cgsd_management/approvals.tsx(264,45): error TS17004: Cannot use JSX unless the '--jsx' flag is provided.
src/pages/cgsd_management/approvals.tsx(265,49): error TS17004: Cannot use JSX unless the '--jsx' flag is provided.
src/pages/cgsd_management/approvals.tsx(267,45): error TS17004: Cannot use JSX unless the '--jsx' flag is provided.
src/pages/cgsd_management/approvals.tsx(268,49): error TS17004: Cannot use JSX unless the '--jsx' flag is provided.
src/pages/cgsd_management/approvals.tsx(269,49): error TS17004: Cannot use JSX unless the '--jsx' flag is provided.
src/pages/cgsd_management/approvals.tsx(273,37): error TS17004: Cannot use JSX unless the '--jsx' flag is provided.
src/pages/cgsd_management/approvals.tsx(274,41): error TS17004: Cannot use JSX unless the '--jsx' flag is provided.
src/pages/cgsd_management/approvals.tsx(275,41): error TS17004: Cannot use JSX unless the '--jsx' flag is provided.
src/pages/cgsd_management/approvals.tsx(277,37): error TS17004: Cannot use JSX unless the '--jsx' flag is provided.
src/pages/cgsd_management/approvals.tsx(278,37): error TS17004: Cannot use JSX unless the '--jsx' flag is provided.
src/pages/cgsd_management/approvals.tsx(279,80): error TS17004: Cannot use JSX unless the '--jsx' flag is provided.
src/pages/cgsd_management/approvals.tsx(280,81): error TS17004: Cannot use JSX unless the '--jsx' flag is provided.
src/pages/cgsd_management/approvals.tsx(281,94): error TS17004: Cannot use JSX unless the '--jsx' flag is provided.
src/pages/cgsd_management/approvals.tsx(282,78): error TS17004: Cannot use JSX unless the '--jsx' flag is provided.
src/pages/cgsd_management/approvals.tsx(284,37): error TS17004: Cannot use JSX unless the '--jsx' flag is provided.
src/pages/cgsd_management/approvals.tsx(285,41): error TS17004: Cannot use JSX unless the '--jsx' flag is provided.
src/pages/cgsd_management/approvals.tsx(286,45): error TS17004: Cannot use JSX unless the '--jsx' flag is provided.
src/pages/cgsd_management/approvals.tsx(299,17): error TS17004: Cannot use JSX unless the '--jsx' flag is provided.
src/pages/cgsd_management/approvals.tsx(300,21): error TS17004: Cannot use JSX unless the '--jsx' flag is provided.
src/pages/cgsd_management/approvals.tsx(301,25): error TS17004: Cannot use JSX unless the '--jsx' flag is provided.
src/pages/cgsd_management/approvals.tsx(302,29): error TS17004: Cannot use JSX unless the '--jsx' flag is provided.
src/pages/cgsd_management/approvals.tsx(303,33): error TS17004: Cannot use JSX unless the '--jsx' flag is provided.
src/pages/cgsd_management/approvals.tsx(304,37): error TS17004: Cannot use JSX unless the '--jsx' flag is provided.
src/pages/cgsd_management/approvals.tsx(305,37): error TS17004: Cannot use JSX unless the '--jsx' flag is provided.
src/pages/cgsd_management/approvals.tsx(307,33): error TS17004: Cannot use JSX unless the '--jsx' flag is provided.
src/pages/cgsd_management/approvals.tsx(308,37): error TS17004: Cannot use JSX unless the '--jsx' flag is provided.
src/pages/cgsd_management/approvals.tsx(312,25): error TS17004: Cannot use JSX unless the '--jsx' flag is provided.
src/pages/cgsd_management/approvals.tsx(313,29): error TS17004: Cannot use JSX unless the '--jsx' flag is provided.
src/pages/cgsd_management/approvals.tsx(314,33): error TS17004: Cannot use JSX unless the '--jsx' flag is provided.
src/pages/cgsd_management/approvals.tsx(315,37): error TS17004: Cannot use JSX unless the '--jsx' flag is provided.
src/pages/cgsd_management/approvals.tsx(316,37): error TS17004: Cannot use JSX unless the '--jsx' flag is provided.
src/pages/cgsd_management/approvals.tsx(318,33): error TS17004: Cannot use JSX unless the '--jsx' flag is provided.
src/pages/cgsd_management/approvals.tsx(319,37): error TS17004: Cannot use JSX unless the '--jsx' flag is provided.
src/pages/cgsd_management/approvals.tsx(320,37): error TS17004: Cannot use JSX unless the '--jsx' flag is provided.
src/pages/cgsd_management/approvals.tsx(325,33): error TS17004: Cannot use JSX unless the '--jsx' flag is provided.
src/pages/cgsd_management/approvals.tsx(326,37): error TS17004: Cannot use JSX unless the '--jsx' flag is provided.
src/pages/cgsd_management/approvals.tsx(327,37): error TS17004: Cannot use JSX unless the '--jsx' flag is provided.
src/pages/cgsd_management/approvals.tsx(328,41): error TS17004: Cannot use JSX unless the '--jsx' flag is provided.
src/pages/cgsd_management/approvals.tsx(334,29): error TS17004: Cannot use JSX unless the '--jsx' flag is provided.
src/pages/cgsd_management/approvals.tsx(335,33): error TS17004: Cannot use JSX unless the '--jsx' flag is provided.
src/pages/cgsd_management/approvals.tsx(336,33): error TS17004: Cannot use JSX unless the '--jsx' flag is provided.
src/pages/cgsd_management/approvals.tsx(338,37): error TS17004: Cannot use JSX unless the '--jsx' flag is provided.
src/pages/cgsd_management/approvals.tsx(340,37): error TS17004: Cannot use JSX unless the '--jsx' flag is provided.
src/pages/cgsd_management/approvals.tsx(345,33): error TS17004: Cannot use JSX unless the '--jsx' flag is provided.
src/pages/cgsd_management/approvals.tsx(346,37): error TS17004: Cannot use JSX unless the '--jsx' flag is provided.
src/pages/cgsd_management/approvals.tsx(347,41): error TS17004: Cannot use JSX unless the '--jsx' flag is provided.
src/pages/cgsd_management/approvals.tsx(349,37): error TS17004: Cannot use JSX unless the '--jsx' flag is provided.
src/pages/cgsd_management/approvals.tsx(350,41): error TS17004: Cannot use JSX unless the '--jsx' flag is provided.
src/pages/cgsd_management/approvals.tsx(361,17): error TS17004: Cannot use JSX unless the '--jsx' flag is provided.
src/pages/cgsd_management/approvals.tsx(362,21): error TS17004: Cannot use JSX unless the '--jsx' flag is provided.
src/pages/cgsd_management/approvals.tsx(363,25): error TS17004: Cannot use JSX unless the '--jsx' flag is provided.
src/pages/cgsd_management/approvals.tsx(364,29): error TS17004: Cannot use JSX unless the '--jsx' flag is provided.
src/pages/cgsd_management/approvals.tsx(365,33): error TS17004: Cannot use JSX unless the '--jsx' flag is provided.
src/pages/cgsd_management/approvals.tsx(369,25): error TS17004: Cannot use JSX unless the '--jsx' flag is provided.
src/pages/cgsd_management/approvals.tsx(370,29): error TS17004: Cannot use JSX unless the '--jsx' flag is provided.
src/pages/cgsd_management/approvals.tsx(371,71): error TS17004: Cannot use JSX unless the '--jsx' flag is provided.
src/pages/cgsd_management/approvals.tsx(373,29): error TS17004: Cannot use JSX unless the '--jsx' flag is provided.
src/pages/cgsd_management/approvals.tsx(374,33): error TS17004: Cannot use JSX unless the '--jsx' flag is provided.
src/pages/cgsd_management/approvals.tsx(375,33): error TS17004: Cannot use JSX unless the '--jsx' flag is provided.
src/pages/cgsd_management/approvals.tsx(383,29): error TS17004: Cannot use JSX unless the '--jsx' flag is provided.
src/pages/cgsd_management/approvals.tsx(384,33): error TS17004: Cannot use JSX unless the '--jsx' flag is provided.
src/pages/cgsd_management/approvals.tsx(385,33): error TS17004: Cannot use JSX unless the '--jsx' flag is provided.
